// Jest Snapshot v1, https://goo.gl/fbAQLP

exports[`ko-fi-button should render button link 1`] = `
"<style type="text/css" rel="stylesheet" role="presentation">
:host {
  display: flex;
  flex-direction: column;

  a {
    display: flex;
    flex-direction: column;
    transition: all 0.2s ease-in-out;

    &:hover {
      transform: scale(1.2);
    }
  }
}
</style><a target="_blank" href="https://ko-fo.com" title="Support the project"><svg>ko-fi-button-icon</svg></a>"
`;
