// Jest Snapshot v1, https://goo.gl/fbAQLP

exports[`buildStringNode should create a URL string node 1`] = `
<span
  class="string url"
  href="https://example.com"
>
  " https://example.com "
</span>
`;

exports[`buildStringNode should create a default string node 1`] = `
<span
  class="string"
>
  "default string"
</span>
`;

exports[`buildStringNode should create an email string node 1`] = `
<span
  class="string email"
  href="mailto:test@example.com"
>
  "test@example.com"
</span>
`;
