// Rstest Snapshot v1

exports[`registerStyle > should attach the style node to the shadow root 1`] = `
"<style type="text/css" rel="stylesheet" role="presentation">
      :host {
        display: flex;
        flex-direction: column;
        gap: 1rem;
        align-items: center;
        justify-content: center;  
      }
    </style>"
`;

exports[`registerStyle > should return the style node 1`] = `
<style
  rel="stylesheet"
  role="presentation"
  type="text/css"
>
  
      :host {
        display: flex;
        flex-direction: column;
        gap: 1rem;
        align-items: center;
        justify-content: center;  
      }
    
</style>
`;
