// Rstest Snapshot v1

exports[`mjf-rounded-button > should have correct markup for button with test 1`] = `
"<!---->
      <button>
        <slot></slot>
      </button>
    "
`;

exports[`mjf-rounded-button > should have correct markup for empty buttons 1`] = `
"<!---->
      <button>
        <slot></slot>
      </button>
    "
`;
