// Jest Snapshot v1, https://goo.gl/fbAQLP

exports[`error-node should render error node 1`] = `
<div
  class="error"
>
  <img
    alt="Error"
    src="invalid.svg"
  />
  <div
    class="message"
  >
    <span>
      Invalid json file.
    </span>
    <span>
      Please check the file and try again.
    </span>
  </div>
</div>
`;
