// Rstest Snapshot v1

exports[`createElement > %p 1`] = `<span />`;

exports[`createElement > %p 2`] = `
<span
  class="test"
/>
`;

exports[`createElement > %p 3`] = `
<span
  class="test"
>
  test content
</span>
`;

exports[`createElement > %p 4`] = `
<span
  class="test1 test2 test3"
>
  test content
</span>
`;

exports[`createElement > %p 5`] = `
<span>
  <span>
    test1
  </span>
  <span>
    test2
  </span>
  <span>
    test3
  </span>
</span>
`;

exports[`createElement > %p 6`] = `
<span
  ref="test"
>
  test content
</span>
`;

exports[`createElement > %p 7`] = `
<span>
  <span>
    test
  </span>
</span>
`;

exports[`createElement > %p 8`] = `<div />`;

exports[`createElement > %p 9`] = `
<div
  class="test"
/>
`;

exports[`createElement > %p 10`] = `
<div
  class="test"
>
  test content
</div>
`;

exports[`createElement > %p 11`] = `
<div
  class="test1 test2 test3"
>
  test content
</div>
`;

exports[`createElement > %p 12`] = `
<div>
  <div>
    test1
  </div>
  <div>
    test2
  </div>
  <div>
    test3
  </div>
</div>
`;

exports[`createElement > %p 13`] = `
<div
  aria-data="test"
>
  test content
</div>
`;

exports[`createElement > %p 14`] = `
<div>
  <span>
    test
  </span>
</div>
`;

exports[`createElement > %p 15`] = `<a />`;

exports[`createElement > %p 16`] = `
<a
  class="test"
/>
`;

exports[`createElement > %p 17`] = `
<a
  class="test"
>
  test content
</a>
`;

exports[`createElement > %p 18`] = `
<a
  class="test1 test2 test3"
>
  test content
</a>
`;

exports[`createElement > %p 19`] = `
<a>
  <span>
    test1
  </span>
  <span>
    test2
  </span>
  <span>
    test3
  </span>
</a>
`;

exports[`createElement > %p 20`] = `
<a
  href="http://test"
>
  test content
</a>
`;

exports[`createElement > %p 21`] = `
<a>
  <span>
    test
  </span>
</a>
`;

exports[`createElement > %p 22`] = `<input />`;

exports[`createElement > %p 23`] = `
<input
  class="test"
/>
`;

exports[`createElement > %p 24`] = `
<input
  class="test1 test2 test3"
/>
`;

exports[`createElement > %p 25`] = `
<input
  test="data"
>
  test content
</input>
`;
